Traceback (most recent call last):
  File "/opt/hostedtoolcache/Python/3.12.13/x64/lib/python3.12/site-packages/jupyter_cache/executors/utils.py", line 58, in single_nb_execution
    executenb(
  File "/opt/hostedtoolcache/Python/3.12.13/x64/lib/python3.12/site-packages/nbclient/client.py", line 1323, in execute
    return NotebookClient(nb=nb, resources=resources, km=km, **kwargs).execute()
           ^^^^^^^^^^^^^^^^^^^^^^^^^^^^^^^^^^^^^^^^^^^^^^^^^^^^^^^^^^^^^^^^^^^^^
  File "/opt/hostedtoolcache/Python/3.12.13/x64/lib/python3.12/site-packages/jupyter_core/utils/__init__.py", line 165, in wrapped
    return loop.run_until_complete(inner)
           ^^^^^^^^^^^^^^^^^^^^^^^^^^^^^^
  File "/opt/hostedtoolcache/Python/3.12.13/x64/lib/python3.12/asyncio/base_events.py", line 691, in run_until_complete
    return future.result()
           ^^^^^^^^^^^^^^^
  File "/opt/hostedtoolcache/Python/3.12.13/x64/lib/python3.12/site-packages/nbclient/client.py", line 709, in async_execute
    await self.async_execute_cell(
  File "/opt/hostedtoolcache/Python/3.12.13/x64/lib/python3.12/site-packages/nbclient/client.py", line 1062, in async_execute_cell
    await self._check_raise_for_error(cell, cell_index, exec_reply)
  File "/opt/hostedtoolcache/Python/3.12.13/x64/lib/python3.12/site-packages/nbclient/client.py", line 918, in _check_raise_for_error
    raise CellExecutionError.from_cell_and_msg(cell, exec_reply_content)
nbclient.exceptions.CellExecutionError: An error occurred while executing the following cell:
------------------
g = ahd.presets.fourcv()

# Wavelength from the beamline monochromator at APS 7-ID-C
g.wavelength = 1.5498  # Angstroms

print(f"Geometry  : {g.name}")
print(f"Wavelength: {g.wavelength} Å")
print(f"Description: {g.description}")
print()
print("Sample stages:")
for s in g.sample_stages:
    print(f"  {s.name:8s}  axis = {ahd.axes.axis_label(s.axis)}")
print("Detector stages:")
for s in g.detector_stages:
    print(f"  {s.name:8s}  axis = {ahd.axes.axis_label(s.axis)}")
------------------

----- stdout -----
Geometry  : fourcv
Wavelength: 1.5498 Å
Description: Busing & Levy (1967) four-circle Eulerian diffractometer (vertical scattering plane, transverse ttheta, synchrotron)

Sample stages:
------------------

[31m---------------------------------------------------------------------------[39m
[31mAttributeError[39m                            Traceback (most recent call last)
[36mCell[39m[36m [39m[32mIn[2][39m[32m, line 12[39m
[32m      8[39m print(f"Description: {g.description}")
[32m      9[39m print()
[32m     10[39m print([33m"Sample stages:"[39m)
[32m     11[39m [38;5;28;01mfor[39;00m s [38;5;28;01min[39;00m g.sample_stages:
[32m---> [39m[32m12[39m     print(f"  {s.name:8s}  axis = {ahd.axes.axis_label(s.axis)}")
[32m     13[39m print([33m"Detector stages:"[39m)
[32m     14[39m [38;5;28;01mfor[39;00m s [38;5;28;01min[39;00m g.detector_stages:
[32m     15[39m     print(f"  {s.name:8s}  axis = {ahd.axes.axis_label(s.axis)}")

[31mAttributeError[39m: module 'ad_hoc_diffractometer' has no attribute 'axes'

